com\mtons\mblog\web\controller\site\user\UsersController.class
com\mtons\mblog\modules\service\FavoriteService.class
com\mtons\mblog\web\controller\admin\CommentController.class
com\mtons\mblog\base\utils\HttpUtils.class
com\mtons\mblog\base\oauth\utils\OathConfig.class
com\mtons\mblog\shiro\tags\LacksRoleTag.class
com\mtons\mblog\modules\template\directive\SidebarDirective.class
com\mtons\mblog\modules\entity\Role.class
com\mtons\mblog\base\utils\PreviewTextUtils.class
com\mtons\mblog\modules\repository\UserRepository.class
com\mtons\mblog\modules\event\handler\PostUpdateEventHandler.class
com\mtons\mblog\shiro\tags\PermissionTag.class
com\mtons\mblog\modules\entity\RolePermission.class
com\mtons\mblog\modules\service\impl\OptionsServiceImpl.class
com\mtons\mblog\base\oauth\utils\TrustAnyHostnameVerifier.class
com\mtons\mblog\web\controller\site\IndexController.class
com\mtons\mblog\base\oauth\OauthDouban.class
com\mtons\mblog\modules\entity\Resource.class
com\mtons\mblog\modules\service\OpenOauthService.class
com\mtons\mblog\modules\entity\Permission.class
com\mtons\mblog\web\controller\admin\PermissionController.class
com\mtons\mblog\modules\repository\PermissionRepository.class
com\mtons\mblog\modules\template\directive\ChannelDirective.class
com\mtons\mblog\modules\entity\Post.class
com\mtons\mblog\base\utils\BlogUtils.class
com\mtons\mblog\modules\service\impl\UserRoleServiceImpl.class
com\mtons\mblog\modules\hook\interceptor\impl\ViewCopyrightPugin.class
com\mtons\mblog\modules\service\impl\TagServiceImpl.class
com\mtons\mblog\web\controller\site\auth\CallbackController.class
com\mtons\mblog\modules\service\RolePermissionService.class
com\mtons\mblog\web\controller\admin\PostController.class
com\mtons\mblog\modules\service\impl\PostSearchServiceImpl.class
com\mtons\mblog\modules\data\OpenOauthVO.class
com\mtons\mblog\base\lang\Result.class
com\mtons\mblog\base\oauth\OauthBaidu.class
com\mtons\mblog\modules\repository\MessageRepository.class
com\mtons\mblog\shiro\AuthenticatedFilter.class
com\mtons\mblog\web\controller\admin\ThemeController.class
com\mtons\mblog\modules\entity\UserRole.class
com\mtons\mblog\base\oauth\utils\TokenUtil.class
com\mtons\mblog\modules\entity\SecurityCode.class
com\mtons\mblog\modules\repository\OptionsRepository.class
com\mtons\mblog\web\controller\site\auth\RegisterController.class
com\mtons\mblog\shiro\tags\AuthenticatedTag.class
com\mtons\mblog\shiro\tags\LacksPermissionTag.class
com\mtons\mblog\web\controller\site\user\FavorController.class
com\mtons\mblog\base\oauth\APIConfig.class
com\mtons\mblog\modules\service\impl\FavoriteServiceImpl.class
com\mtons\mblog\modules\hook\Hook.class
com\mtons\mblog\modules\hook\interceptor\InterceptorHook.class
com\mtons\mblog\modules\data\PostVO.class
META-INF\spring-configuration-metadata.json
com\mtons\mblog\web\controller\site\SearchController.class
com\mtons\mblog\web\controller\admin\AdminController.class
com\mtons\mblog\modules\data\CommentVO.class
com\mtons\mblog\config\SiteOptions.class
com\mtons\mblog\modules\template\directive\ControlsDirective.class
com\mtons\mblog\web\controller\site\comment\CommentController.class
com\mtons\mblog\web\controller\site\posts\PostController.class
com\mtons\mblog\base\oauth\OauthGithub.class
com\mtons\mblog\base\storage\StorageFactory.class
com\mtons\mblog\modules\template\method\TimeAgoMethod.class
com\mtons\mblog\base\storage\impl\AbstractStorage.class
com\mtons\mblog\modules\data\BadgesCount.class
com\mtons\mblog\modules\entity\User.class
com\mtons\mblog\web\controller\site\auth\ForgotController.class
com\mtons\mblog\base\utils\FileKit.class
com\mtons\mblog\modules\entity\Message.class
com\mtons\mblog\modules\data\MessageVO.class
com\mtons\mblog\shiro\tags\HasAnyRolesTag.class
com\mtons\mblog\modules\service\impl\ChannelServiceImpl.class
com\mtons\mblog\web\formatter\JsonUtils$1.class
com\mtons\mblog\base\oauth\OauthRenren.class
com\mtons\mblog\modules\repository\FavoriteRepository.class
com\mtons\mblog\web\controller\site\auth\LogoutController.class
com\mtons\mblog\modules\hook\interceptor\InterceptorHookManager.class
com\mtons\mblog\base\lang\Theme.class
com\mtons\mblog\modules\data\FavoriteVO.class
com\mtons\mblog\modules\entity\UserOauth.class
com\mtons\mblog\web\menu\MenusDirective.class
com\mtons\mblog\base\utils\FilePathUtils.class
com\mtons\mblog\base\oauth\OauthOsc.class
com\mtons\mblog\base\utils\Printer.class
com\mtons\mblog\web\interceptor\BaseInterceptor.class
com\mtons\mblog\modules\entity\PostAttribute.class
com\mtons\mblog\modules\aspect\PostStatusFilter.class
com\mtons\mblog\modules\service\impl\RoleServiceImpl.class
com\mtons\mblog\web\menu\MenuJsonUtils.class
com\mtons\mblog\base\storage\impl\AliyunStorageImpl.class
com\mtons\mblog\modules\template\BaseMethod.class
com\mtons\mblog\web\formatter\StringEscapeEditor.class
com\mtons\mblog\modules\event\MessageEvent.class
com\mtons\mblog\web\controller\BaseController.class
com\mtons\mblog\modules\service\impl\PostServiceImpl.class
com\mtons\mblog\modules\aspect\HibernateFilterAspect.class
com\mtons\mblog\modules\repository\RoleRepository.class
com\mtons\mblog\modules\service\OptionsService.class
com\mtons\mblog\base\oauth\utils\MyX509TrustManager.class
com\mtons\mblog\base\utils\ImageUtils.class
com\mtons\mblog\modules\service\UserService.class
com\mtons\mblog\modules\service\UserRoleService.class
com\mtons\mblog\base\utils\MarkdownUtils$BlogAttributeProvider.class
com\mtons\mblog\web\controller\site\user\SettingsController.class
com\mtons\mblog\modules\repository\ChannelRepository.class
com\mtons\mblog\shiro\tags\PrincipalTag.class
com\mtons\mblog\web\controller\admin\OptionsController.class
com\mtons\mblog\modules\service\impl\MessageServiceImpl.class
com\mtons\mblog\modules\template\directive\UserMessagesDirective.class
com\mtons\mblog\modules\service\MailService.class
com\mtons\mblog\base\oauth\OauthQQ.class
com\mtons\mblog\base\utils\ZipUtils.class
com\mtons\mblog\web\formatter\JsonUtils$JsonDateSerializer.class
com\mtons\mblog\base\utils\ResourceLock.class
com\mtons\mblog\base\utils\MarkdownUtils.class
com\mtons\mblog\web\controller\site\posts\UploadController.class
com\mtons\mblog\modules\template\directive\NumberDirective.class
com\mtons\mblog\modules\repository\PostAttributeRepository.class
com\mtons\mblog\base\lang\Consts.class
com\mtons\mblog\modules\entity\PostResource.class
com\mtons\mblog\config\SiteConfiguration.class
com\mtons\mblog\web\filter\RequestCostFilter.class
com\mtons\mblog\web\controller\site\auth\EmailController.class
com\mtons\mblog\shiro\AccountSubjectFactory.class
com\mtons\mblog\modules\service\ChannelService.class
com\mtons\mblog\shiro\tags\UserTag.class
com\mtons\mblog\modules\template\directive\UserFavoritesDirective.class
com\mtons\mblog\web\controller\admin\RoleController.class
com\mtons\mblog\modules\service\MessageService.class
com\mtons\mblog\modules\service\impl\OpenOauthServiceImpl.class
com\mtons\mblog\modules\repository\SecurityCodeRepository.class
com\mtons\mblog\web\controller\site\ChannelController.class
com\mtons\mblog\shiro\tags\GuestTag.class
com\mtons\mblog\modules\data\PostTagVO.class
com\mtons\mblog\base\storage\impl\QiniuStorageImpl.class
com\mtons\mblog\modules\repository\PostRepository.class
com\mtons\mblog\web\menu\Menu.class
com\mtons\mblog\base\storage\Storage.class
com\mtons\mblog\shiro\tags\HasPermissionTag.class
com\mtons\mblog\base\utils\MD5.class
com\mtons\mblog\modules\repository\ResourceRepository.class
com\mtons\mblog\modules\hook\interceptor\InterceptorHookSupport.class
com\mtons\mblog\modules\service\impl\SecurityCodeServiceImpl.class
com\mtons\mblog\web\formatter\JsonUtils.class
com\mtons\mblog\modules\entity\PostTag.class
com\mtons\mblog\modules\service\TagService.class
com\mtons\mblog\modules\service\impl\PermissionServiceImpl.class
com\mtons\mblog\modules\service\RoleService.class
com\mtons\mblog\base\storage\impl\NativeStorageImpl.class
com\mtons\mblog\modules\entity\Comment.class
com\mtons\mblog\modules\entity\Favorite.class
com\mtons\mblog\modules\template\TemplateDirective.class
com\mtons\mblog\base\oauth\utils\OpenOauthBean.class
com\mtons\mblog\modules\template\DirectiveHandler.class
com\mtons\mblog\modules\service\CommentService.class
com\mtons\mblog\web\controller\site\Views.class
com\mtons\mblog\modules\data\UserVO.class
com\mtons\mblog\base\lang\Consts$order.class
com\mtons\mblog\modules\data\PermissionTree.class
com\mtons\mblog\web\controller\site\posts\UploadController$UploadResult.class
com\mtons\mblog\modules\template\directive\UserContentsDirective.class
com\mtons\mblog\modules\entity\Options.class
com\mtons\mblog\modules\template\directive\UserCommentsDirective.class
com\mtons\mblog\modules\entity\Channel.class
com\mtons\mblog\shiro\tags\NotAuthenticatedTag.class
com\mtons\mblog\web\controller\site\auth\LoginController.class
com\mtons\mblog\modules\data\TagVO.class
com\mtons\mblog\modules\service\impl\MailServiceImpl.class
com\mtons\mblog\config\SiteOptions$Controls.class
com\mtons\mblog\modules\template\directive\ContentsDirective.class
com\mtons\mblog\modules\service\PostService.class
com\mtons\mblog\web\controller\site\TagController.class
com\mtons\mblog\base\storage\impl\UpYunStorageImpl.class
com\mtons\mblog\modules\template\TemplateModelUtils.class
com\mtons\mblog\config\ShiroConfiguration.class
com\mtons\mblog\web\controller\admin\UserController.class
com\mtons\mblog\base\utils\BeanMapUtils.class
com\mtons\mblog\modules\repository\PostTagRepository.class
com\mtons\mblog\modules\event\PostUpdateEvent.class
com\mtons\mblog\modules\repository\RolePermissionRepository.class
com\mtons\mblog\web\controller\admin\ChannelController.class
com\mtons\mblog\shiro\tags\ShiroTags.class
com\mtons\mblog\base\utils\ZipUtils$2.class
com\mtons\mblog\shiro\tags\HasRoleTag.class
com\mtons\mblog\modules\service\impl\CommentServiceImpl.class
com\mtons\mblog\base\oauth\utils\Display.class
com\mtons\mblog\modules\repository\UserRoleRepository.class
com\mtons\mblog\modules\repository\PostResourceRepository.class
com\mtons\mblog\modules\service\UserEventService.class
com\mtons\mblog\modules\service\impl\UserServiceImpl.class
com\mtons\mblog\web\controller\api\ApiController.class
com\mtons\mblog\modules\repository\CommentRepository.class
com\mtons\mblog\config\WebMvcConfiguration.class
com\mtons\mblog\modules\template\directive\ResourceDirective.class
com\mtons\mblog\modules\repository\TagRepository.class
com\mtons\mblog\modules\service\PostSearchService.class
com\mtons\mblog\config\ContextStartup.class
com\mtons\mblog\shiro\tags\RoleTag.class
com\mtons\mblog\base\oauth\Oauth.class
com\mtons\mblog\base\oauth\utils\EnumOauthTypeBean.class
com\mtons\mblog\base\lang\MtonsException.class
com\mtons\mblog\BootApplication.class
com\mtons\mblog\base\oauth\utils\HttpKit.class
com\mtons\mblog\base\utils\ZipUtils$1.class
com\mtons\mblog\web\exceptions\DefaultExceptionHandler.class
com\mtons\mblog\modules\service\PermissionService.class
com\mtons\mblog\modules\event\handler\MessageEventHandler.class
com\mtons\mblog\base\lang\EntityStatus.class
com\mtons\mblog\modules\entity\Tag.class
com\mtons\mblog\modules\data\AccountProfile.class
com\mtons\mblog\base\oauth\OauthSina.class
com\mtons\mblog\modules\service\SecurityCodeService.class
com\mtons\mblog\modules\service\impl\UserEventServiceImpl.class
com\mtons\mblog\shiro\AccountRealm.class
com\mtons\mblog\modules\repository\UserOauthRepository.class
com\mtons\mblog\shiro\tags\SecureTag.class
com\mtons\mblog\modules\service\impl\RolePermissionServiceImpl.class
com\mtons\mblog\modules\hook\interceptor\impl\HidenContentPugin.class
