E:\dm\mblog\src\main\java\com\mtons\mblog\modules\data\PermissionTree.java
E:\dm\mblog\src\main\java\com\mtons\mblog\base\oauth\OauthRenren.java
E:\dm\mblog\src\main\java\com\mtons\mblog\modules\entity\Tag.java
E:\dm\mblog\src\main\java\com\mtons\mblog\base\storage\impl\NativeStorageImpl.java
E:\dm\mblog\src\main\java\com\mtons\mblog\shiro\AccountRealm.java
E:\dm\mblog\src\main\java\com\mtons\mblog\modules\entity\Permission.java
E:\dm\mblog\src\main\java\com\mtons\mblog\modules\service\impl\CommentServiceImpl.java
E:\dm\mblog\src\main\java\com\mtons\mblog\base\oauth\OauthSina.java
E:\dm\mblog\src\main\java\com\mtons\mblog\base\storage\impl\AbstractStorage.java
E:\dm\mblog\src\main\java\com\mtons\mblog\shiro\tags\NotAuthenticatedTag.java
E:\dm\mblog\src\main\java\com\mtons\mblog\base\oauth\utils\EnumOauthTypeBean.java
E:\dm\mblog\src\main\java\com\mtons\mblog\modules\service\impl\RolePermissionServiceImpl.java
E:\dm\mblog\src\main\java\com\mtons\mblog\modules\entity\Resource.java
E:\dm\mblog\src\main\java\com\mtons\mblog\modules\service\PostSearchService.java
E:\dm\mblog\src\main\java\com\mtons\mblog\modules\template\method\TimeAgoMethod.java
E:\dm\mblog\src\main\java\com\mtons\mblog\modules\service\PermissionService.java
E:\dm\mblog\src\main\java\com\mtons\mblog\web\controller\admin\PermissionController.java
E:\dm\mblog\src\main\java\com\mtons\mblog\web\controller\admin\OptionsController.java
E:\dm\mblog\src\main\java\com\mtons\mblog\modules\service\impl\UserServiceImpl.java
E:\dm\mblog\src\main\java\com\mtons\mblog\web\controller\admin\ThemeController.java
E:\dm\mblog\src\main\java\com\mtons\mblog\modules\service\impl\TagServiceImpl.java
E:\dm\mblog\src\main\java\com\mtons\mblog\base\oauth\utils\TrustAnyHostnameVerifier.java
E:\dm\mblog\src\main\java\com\mtons\mblog\modules\data\PostTagVO.java
E:\dm\mblog\src\main\java\com\mtons\mblog\web\controller\site\IndexController.java
E:\dm\mblog\src\main\java\com\mtons\mblog\modules\service\RoleService.java
E:\dm\mblog\src\main\java\com\mtons\mblog\shiro\tags\ShiroTags.java
E:\dm\mblog\src\main\java\com\mtons\mblog\base\utils\BlogUtils.java
E:\dm\mblog\src\main\java\com\mtons\mblog\shiro\tags\LacksRoleTag.java
E:\dm\mblog\src\main\java\com\mtons\mblog\modules\service\OptionsService.java
E:\dm\mblog\src\main\java\com\mtons\mblog\modules\service\impl\PermissionServiceImpl.java
E:\dm\mblog\src\main\java\com\mtons\mblog\shiro\tags\SecureTag.java
E:\dm\mblog\src\main\java\com\mtons\mblog\modules\service\impl\RoleServiceImpl.java
E:\dm\mblog\src\main\java\com\mtons\mblog\base\utils\PreviewTextUtils.java
E:\dm\mblog\src\main\java\com\mtons\mblog\web\formatter\StringEscapeEditor.java
E:\dm\mblog\src\main\java\com\mtons\mblog\modules\service\impl\ChannelServiceImpl.java
E:\dm\mblog\src\main\java\com\mtons\mblog\shiro\AccountSubjectFactory.java
E:\dm\mblog\src\main\java\com\mtons\mblog\modules\entity\Options.java
E:\dm\mblog\src\main\java\com\mtons\mblog\config\SiteConfiguration.java
E:\dm\mblog\src\main\java\com\mtons\mblog\base\utils\MarkdownUtils.java
E:\dm\mblog\src\main\java\com\mtons\mblog\base\lang\Consts.java
E:\dm\mblog\src\main\java\com\mtons\mblog\config\ShiroConfiguration.java
E:\dm\mblog\src\main\java\com\mtons\mblog\modules\data\PostVO.java
E:\dm\mblog\src\main\java\com\mtons\mblog\base\oauth\APIConfig.java
E:\dm\mblog\src\main\java\com\mtons\mblog\modules\data\BadgesCount.java
E:\dm\mblog\src\main\java\com\mtons\mblog\modules\repository\PostAttributeRepository.java
E:\dm\mblog\src\main\java\com\mtons\mblog\web\interceptor\BaseInterceptor.java
E:\dm\mblog\src\main\java\com\mtons\mblog\web\formatter\JsonUtils.java
E:\dm\mblog\src\main\java\com\mtons\mblog\base\utils\ZipUtils.java
E:\dm\mblog\src\main\java\com\mtons\mblog\web\controller\admin\ChannelController.java
E:\dm\mblog\src\main\java\com\mtons\mblog\modules\entity\Post.java
E:\dm\mblog\src\main\java\com\mtons\mblog\base\lang\MtonsException.java
E:\dm\mblog\src\main\java\com\mtons\mblog\base\storage\impl\UpYunStorageImpl.java
E:\dm\mblog\src\main\java\com\mtons\mblog\base\oauth\utils\OathConfig.java
E:\dm\mblog\src\main\java\com\mtons\mblog\web\controller\admin\PostController.java
E:\dm\mblog\src\main\java\com\mtons\mblog\web\controller\api\package-info.java
E:\dm\mblog\src\main\java\com\mtons\mblog\base\oauth\utils\Display.java
E:\dm\mblog\src\main\java\com\mtons\mblog\modules\repository\UserRepository.java
E:\dm\mblog\src\main\java\com\mtons\mblog\modules\entity\RolePermission.java
E:\dm\mblog\src\main\java\com\mtons\mblog\modules\template\BaseMethod.java
E:\dm\mblog\src\main\java\com\mtons\mblog\base\utils\BeanMapUtils.java
E:\dm\mblog\src\main\java\com\mtons\mblog\base\oauth\utils\MyX509TrustManager.java
E:\dm\mblog\src\main\java\com\mtons\mblog\modules\hook\interceptor\impl\ViewCopyrightPugin.java
E:\dm\mblog\src\main\java\com\mtons\mblog\modules\aspect\HibernateFilterAspect.java
E:\dm\mblog\src\main\java\com\mtons\mblog\modules\hook\interceptor\InterceptorHook.java
E:\dm\mblog\src\main\java\com\mtons\mblog\modules\template\directive\ResourceDirective.java
E:\dm\mblog\src\main\java\com\mtons\mblog\modules\repository\ChannelRepository.java
E:\dm\mblog\src\main\java\com\mtons\mblog\modules\repository\FavoriteRepository.java
E:\dm\mblog\src\main\java\com\mtons\mblog\base\lang\Result.java
E:\dm\mblog\src\main\java\com\mtons\mblog\modules\template\directive\UserFavoritesDirective.java
E:\dm\mblog\src\main\java\com\mtons\mblog\web\controller\site\Views.java
E:\dm\mblog\src\main\java\com\mtons\mblog\modules\entity\Message.java
E:\dm\mblog\src\main\java\com\mtons\mblog\web\controller\admin\RoleController.java
E:\dm\mblog\src\main\java\com\mtons\mblog\modules\template\directive\SidebarDirective.java
E:\dm\mblog\src\main\java\com\mtons\mblog\web\controller\site\auth\CallbackController.java
E:\dm\mblog\src\main\java\com\mtons\mblog\modules\repository\MessageRepository.java
E:\dm\mblog\src\main\java\com\mtons\mblog\base\utils\FileKit.java
E:\dm\mblog\src\main\java\com\mtons\mblog\modules\template\directive\ControlsDirective.java
E:\dm\mblog\src\main\java\com\mtons\mblog\web\filter\RequestCostFilter.java
E:\dm\mblog\src\main\java\com\mtons\mblog\web\controller\site\TagController.java
E:\dm\mblog\src\main\java\com\mtons\mblog\shiro\tags\HasRoleTag.java
E:\dm\mblog\src\main\java\com\mtons\mblog\web\controller\site\user\SettingsController.java
E:\dm\mblog\src\main\java\com\mtons\mblog\base\utils\HttpUtils.java
E:\dm\mblog\src\main\java\com\mtons\mblog\config\SiteOptions.java
E:\dm\mblog\src\main\java\com\mtons\mblog\modules\data\CommentVO.java
E:\dm\mblog\src\main\java\com\mtons\mblog\modules\aspect\PostStatusFilter.java
E:\dm\mblog\src\main\java\com\mtons\mblog\modules\service\ChannelService.java
E:\dm\mblog\src\main\java\com\mtons\mblog\modules\service\UserService.java
E:\dm\mblog\src\main\java\com\mtons\mblog\modules\repository\PostTagRepository.java
E:\dm\mblog\src\main\java\com\mtons\mblog\web\controller\site\ChannelController.java
E:\dm\mblog\src\main\java\com\mtons\mblog\base\utils\ImageUtils.java
E:\dm\mblog\src\main\java\com\mtons\mblog\modules\service\UserRoleService.java
E:\dm\mblog\src\main\java\com\mtons\mblog\web\menu\Menu.java
E:\dm\mblog\src\main\java\com\mtons\mblog\modules\repository\SecurityCodeRepository.java
E:\dm\mblog\src\main\java\com\mtons\mblog\shiro\tags\LacksPermissionTag.java
E:\dm\mblog\src\main\java\com\mtons\mblog\web\controller\BaseController.java
E:\dm\mblog\src\main\java\com\mtons\mblog\modules\repository\PermissionRepository.java
E:\dm\mblog\src\main\java\com\mtons\mblog\modules\repository\ResourceRepository.java
E:\dm\mblog\src\main\java\com\mtons\mblog\modules\service\impl\FavoriteServiceImpl.java
E:\dm\mblog\src\main\java\com\mtons\mblog\modules\repository\PostResourceRepository.java
E:\dm\mblog\src\main\java\com\mtons\mblog\modules\repository\OptionsRepository.java
E:\dm\mblog\src\main\java\com\mtons\mblog\base\oauth\OauthQQ.java
E:\dm\mblog\src\main\java\com\mtons\mblog\modules\entity\Comment.java
E:\dm\mblog\src\main\java\com\mtons\mblog\modules\hook\Hook.java
E:\dm\mblog\src\main\java\com\mtons\mblog\modules\service\TagService.java
E:\dm\mblog\src\main\java\com\mtons\mblog\web\controller\site\posts\PostController.java
E:\dm\mblog\src\main\java\com\mtons\mblog\base\utils\MD5.java
E:\dm\mblog\src\main\java\com\mtons\mblog\modules\entity\Channel.java
E:\dm\mblog\src\main\java\com\mtons\mblog\modules\repository\CommentRepository.java
E:\dm\mblog\src\main\java\com\mtons\mblog\modules\service\MessageService.java
E:\dm\mblog\src\main\java\com\mtons\mblog\modules\data\UserVO.java
E:\dm\mblog\src\main\java\com\mtons\mblog\base\oauth\OauthBaidu.java
E:\dm\mblog\src\main\java\com\mtons\mblog\base\oauth\OauthOsc.java
E:\dm\mblog\src\main\java\com\mtons\mblog\modules\entity\Favorite.java
E:\dm\mblog\src\main\java\com\mtons\mblog\modules\service\impl\PostSearchServiceImpl.java
E:\dm\mblog\src\main\java\com\mtons\mblog\config\ContextStartup.java
E:\dm\mblog\src\main\java\com\mtons\mblog\base\lang\Theme.java
E:\dm\mblog\src\main\java\com\mtons\mblog\shiro\tags\HasPermissionTag.java
E:\dm\mblog\src\main\java\com\mtons\mblog\base\oauth\Oauth.java
E:\dm\mblog\src\main\java\com\mtons\mblog\base\storage\StorageFactory.java
E:\dm\mblog\src\main\java\com\mtons\mblog\modules\entity\SecurityCode.java
E:\dm\mblog\src\main\java\com\mtons\mblog\modules\repository\UserOauthRepository.java
E:\dm\mblog\src\main\java\com\mtons\mblog\modules\template\DirectiveHandler.java
E:\dm\mblog\src\main\java\com\mtons\mblog\modules\entity\UserRole.java
E:\dm\mblog\src\main\java\com\mtons\mblog\web\menu\MenusDirective.java
E:\dm\mblog\src\main\java\com\mtons\mblog\modules\event\handler\MessageEventHandler.java
E:\dm\mblog\src\main\java\com\mtons\mblog\web\controller\site\auth\RegisterController.java
E:\dm\mblog\src\main\java\com\mtons\mblog\modules\service\impl\MessageServiceImpl.java
E:\dm\mblog\src\main\java\com\mtons\mblog\modules\service\FavoriteService.java
E:\dm\mblog\src\main\java\com\mtons\mblog\web\controller\site\auth\LoginController.java
E:\dm\mblog\src\main\java\com\mtons\mblog\modules\template\directive\UserMessagesDirective.java
E:\dm\mblog\src\main\java\com\mtons\mblog\modules\entity\Role.java
E:\dm\mblog\src\main\java\com\mtons\mblog\modules\service\impl\SecurityCodeServiceImpl.java
E:\dm\mblog\src\main\java\com\mtons\mblog\modules\data\MessageVO.java
E:\dm\mblog\src\main\java\com\mtons\mblog\web\controller\site\user\FavorController.java
E:\dm\mblog\src\main\java\com\mtons\mblog\modules\entity\User.java
E:\dm\mblog\src\main\java\com\mtons\mblog\web\controller\site\auth\LogoutController.java
E:\dm\mblog\src\main\java\com\mtons\mblog\modules\data\FavoriteVO.java
E:\dm\mblog\src\main\java\com\mtons\mblog\modules\service\OpenOauthService.java
E:\dm\mblog\src\main\java\com\mtons\mblog\modules\template\directive\UserCommentsDirective.java
E:\dm\mblog\src\main\java\com\mtons\mblog\modules\data\AccountProfile.java
E:\dm\mblog\src\main\java\com\mtons\mblog\modules\service\impl\PostServiceImpl.java
E:\dm\mblog\src\main\java\com\mtons\mblog\modules\template\directive\UserContentsDirective.java
E:\dm\mblog\src\main\java\com\mtons\mblog\shiro\tags\UserTag.java
E:\dm\mblog\src\main\java\com\mtons\mblog\shiro\AuthenticatedFilter.java
E:\dm\mblog\src\main\java\com\mtons\mblog\modules\template\TemplateModelUtils.java
E:\dm\mblog\src\main\java\com\mtons\mblog\shiro\tags\RoleTag.java
E:\dm\mblog\src\main\java\com\mtons\mblog\shiro\tags\GuestTag.java
E:\dm\mblog\src\main\java\com\mtons\mblog\shiro\tags\HasAnyRolesTag.java
E:\dm\mblog\src\main\java\com\mtons\mblog\web\controller\api\ApiController.java
E:\dm\mblog\src\main\java\com\mtons\mblog\modules\hook\interceptor\InterceptorHookManager.java
E:\dm\mblog\src\main\java\com\mtons\mblog\modules\template\TemplateDirective.java
E:\dm\mblog\src\main\java\com\mtons\mblog\shiro\tags\AuthenticatedTag.java
E:\dm\mblog\src\main\java\com\mtons\mblog\base\storage\impl\QiniuStorageImpl.java
E:\dm\mblog\src\main\java\com\mtons\mblog\base\storage\impl\AliyunStorageImpl.java
E:\dm\mblog\src\main\java\com\mtons\mblog\web\controller\site\auth\EmailController.java
E:\dm\mblog\src\main\java\com\mtons\mblog\base\oauth\utils\TokenUtil.java
E:\dm\mblog\src\main\java\com\mtons\mblog\modules\entity\UserOauth.java
E:\dm\mblog\src\main\java\com\mtons\mblog\modules\service\impl\MailServiceImpl.java
E:\dm\mblog\src\main\java\com\mtons\mblog\base\lang\EntityStatus.java
E:\dm\mblog\src\main\java\com\mtons\mblog\base\utils\ResourceLock.java
E:\dm\mblog\src\main\java\com\mtons\mblog\modules\repository\UserRoleRepository.java
E:\dm\mblog\src\main\java\com\mtons\mblog\modules\entity\PostAttribute.java
E:\dm\mblog\src\main\java\com\mtons\mblog\modules\service\impl\OpenOauthServiceImpl.java
E:\dm\mblog\src\main\java\com\mtons\mblog\base\oauth\utils\OpenOauthBean.java
E:\dm\mblog\src\main\java\com\mtons\mblog\modules\repository\RoleRepository.java
E:\dm\mblog\src\main\java\com\mtons\mblog\modules\template\directive\ChannelDirective.java
E:\dm\mblog\src\main\java\com\mtons\mblog\base\storage\Storage.java
E:\dm\mblog\src\main\java\com\mtons\mblog\config\WebMvcConfiguration.java
E:\dm\mblog\src\main\java\com\mtons\mblog\web\menu\MenuJsonUtils.java
E:\dm\mblog\src\main\java\com\mtons\mblog\modules\service\impl\UserEventServiceImpl.java
E:\dm\mblog\src\main\java\com\mtons\mblog\base\oauth\utils\HttpKit.java
E:\dm\mblog\src\main\java\com\mtons\mblog\modules\repository\PostRepository.java
E:\dm\mblog\src\main\java\com\mtons\mblog\modules\service\RolePermissionService.java
E:\dm\mblog\src\main\java\com\mtons\mblog\modules\service\SecurityCodeService.java
E:\dm\mblog\src\main\java\com\mtons\mblog\modules\repository\TagRepository.java
E:\dm\mblog\src\main\java\com\mtons\mblog\shiro\tags\PrincipalTag.java
E:\dm\mblog\src\main\java\com\mtons\mblog\modules\hook\interceptor\impl\HidenContentPugin.java
E:\dm\mblog\src\main\java\com\mtons\mblog\modules\event\handler\PostUpdateEventHandler.java
E:\dm\mblog\src\main\java\com\mtons\mblog\web\controller\admin\UserController.java
E:\dm\mblog\src\main\java\com\mtons\mblog\web\controller\site\posts\UploadController.java
E:\dm\mblog\src\main\java\com\mtons\mblog\BootApplication.java
E:\dm\mblog\src\main\java\com\mtons\mblog\modules\entity\PostTag.java
E:\dm\mblog\src\main\java\com\mtons\mblog\web\controller\admin\AdminController.java
E:\dm\mblog\src\main\java\com\mtons\mblog\base\utils\FilePathUtils.java
E:\dm\mblog\src\main\java\com\mtons\mblog\modules\service\MailService.java
E:\dm\mblog\src\main\java\com\mtons\mblog\web\exceptions\DefaultExceptionHandler.java
E:\dm\mblog\src\main\java\com\mtons\mblog\base\oauth\OauthDouban.java
E:\dm\mblog\src\main\java\com\mtons\mblog\modules\service\impl\OptionsServiceImpl.java
E:\dm\mblog\src\main\java\com\mtons\mblog\modules\event\PostUpdateEvent.java
E:\dm\mblog\src\main\java\com\mtons\mblog\web\controller\admin\CommentController.java
E:\dm\mblog\src\main\java\com\mtons\mblog\modules\data\TagVO.java
E:\dm\mblog\src\main\java\com\mtons\mblog\modules\service\UserEventService.java
E:\dm\mblog\src\main\java\com\mtons\mblog\modules\hook\interceptor\InterceptorHookSupport.java
E:\dm\mblog\src\main\java\com\mtons\mblog\modules\service\PostService.java
E:\dm\mblog\src\main\java\com\mtons\mblog\modules\template\directive\ContentsDirective.java
E:\dm\mblog\src\main\java\com\mtons\mblog\modules\template\directive\NumberDirective.java
E:\dm\mblog\src\main\java\com\mtons\mblog\modules\service\impl\UserRoleServiceImpl.java
E:\dm\mblog\src\main\java\com\mtons\mblog\base\oauth\OauthGithub.java
E:\dm\mblog\src\main\java\com\mtons\mblog\modules\repository\RolePermissionRepository.java
E:\dm\mblog\src\main\java\com\mtons\mblog\web\controller\site\user\UsersController.java
E:\dm\mblog\src\main\java\com\mtons\mblog\shiro\tags\PermissionTag.java
E:\dm\mblog\src\main\java\com\mtons\mblog\modules\event\MessageEvent.java
E:\dm\mblog\src\main\java\com\mtons\mblog\base\utils\Printer.java
E:\dm\mblog\src\main\java\com\mtons\mblog\modules\entity\PostResource.java
E:\dm\mblog\src\main\java\com\mtons\mblog\modules\data\OpenOauthVO.java
E:\dm\mblog\src\main\java\com\mtons\mblog\web\controller\site\comment\CommentController.java
E:\dm\mblog\src\main\java\com\mtons\mblog\web\controller\site\SearchController.java
E:\dm\mblog\src\main\java\com\mtons\mblog\web\controller\site\auth\ForgotController.java
E:\dm\mblog\src\main\java\com\mtons\mblog\modules\service\CommentService.java
